[36mvite v7.3.1 [32mbuilding client environment for production...[36m[39m
transforming...
[32mΓ£ô[39m 3 modules transformed.
node.exe : 
[31mΓ£ù[39m Build 
failed in 328ms
At line:1 char:1
+ & "C:\Program Files
\nodejs/node.exe" 
"C:\Users\GOURAV 
GOWDA\AppData\R ...
+ ~~~~~~~~~~~~~~~~~~~
~~~~~~~~~~~~~~~~~~~~~
~~~~~~~~~~~~~~~~~~~~~
~~~~~~~~
    + CategoryInfo   
           : NotSpe  
  cified: ([31mΓ£   
 ù[39m Build fai    
led in 328ms:Str    
ing) [], RemoteE    
xception
    + FullyQualified 
   ErrorId : Native  
  CommandError
 
[31merror during 
build:
[31m[vite:css] 
[postcss] It looks 
like you're trying 
to use `tailwindcss` 
directly as a 
PostCSS plugin. The 
PostCSS plugin has 
moved to a separate 
package, so to 
continue using 
Tailwind CSS with 
PostCSS you'll need 
to install `@tailwind
css/postcss` and 
update your PostCSS 
configuration.[31m
file: 
[36mC:/Users/GOURAV 
GOWDA/OneDrive/Deskto
p/Derma scope ai/fron
tend/src/index.css:un
defined:NaN[31m
    at lt 
(C:\Users\GOURAV GOWD
A\OneDrive\Desktop\De
rma scope ai\frontend
\node_modules\tailwin
dcss\dist\lib.js:38:1
643)
    at 
LazyResult.runOnRoot 
(C:\Users\GOURAV GOWD
A\OneDrive\Desktop\De
rma scope ai\frontend
\node_modules\postcss
\lib\lazy-result.js:3
61:16)
    at 
LazyResult.runAsync 
(C:\Users\GOURAV GOWD
A\OneDrive\Desktop\De
rma scope ai\frontend
\node_modules\postcss
\lib\lazy-result.js:2
90:26)
    at async 
runPostCSS (file:///C
:/Users/GOURAV%20GOWD
A/OneDrive/Desktop/De
rma%20scope%20ai/fron
tend/node_modules/vit
e/dist/node/chunks/co
nfig.js:30145:19)
    at async 
compilePostCSS (file:
///C:/Users/GOURAV%20
GOWDA/OneDrive/Deskto
p/Derma%20scope%20ai/
frontend/node_modules
/vite/dist/node/chunk
s/config.js:30129:6)
    at async 
compileCSS (file:///C
:/Users/GOURAV%20GOWD
A/OneDrive/Desktop/De
rma%20scope%20ai/fron
tend/node_modules/vit
e/dist/node/chunks/co
nfig.js:30059:26)
    at async 
Object.handler (file:
///C:/Users/GOURAV%20
GOWDA/OneDrive/Deskto
p/Derma%20scope%20ai/
frontend/node_modules
/vite/dist/node/chunk
s/config.js:29592:54)
    at async 
transform (file:///C:
/Users/GOURAV%20GOWDA
/OneDrive/Desktop/Der
ma%20scope%20ai/front
end/node_modules/roll
up/dist/es/shared/nod
e-entry.js:21246:16)
    at async ModuleLo
ader.addModuleSource 
(file:///C:/Users/GOU
RAV%20GOWDA/OneDrive/
Desktop/Derma%20scope
%20ai/frontend/node_m
odules/rollup/dist/es
/shared/node-entry.js
:21474:36)[39m
